Deborah #2	Elienai
Deborah #2	Ismaiah
Zilpah	Abishag
Zilpah	Chislon
Mehetabeel	Sabtechah
Mehetabeel	Isshijah
Mehetabeel	Abiasaph
Lo–Ruhamah	Irad
Basemeth #3	Salome #2
Basemeth #3	Hannah
Basemeth #3	Nobah
Basemeth #3	Hushim
Noadiah	Pelaiah
Noadiah	Damaris. Acts[41]
Noadiah	Agee
Noadiah	Shagee
Dinah	Ahab
Iscah	Chalcol
Hodiah's wife	Jaziz
Hodiah's wife	Adina
Anah	Mahalath
Anah	Zalmon
Leah	Ismaiah
Leah	Elienai
Deborah #2	Ahab
Timnah (or Timna)	Chalcol
Jehosheba (or Jehoshebeath/Josaba)	Hushim
Jehosheba (or Jehoshebeath/Josaba)	Nobah
Jehosheba (or Jehoshebeath/Josaba)	Hannah
Jehosheba (or Jehoshebeath/Josaba)	Salome #2
Noadiah	Irad
Taphath	Shagee
Taphath	Agee
Taphath	Damaris. Acts[41]
Taphath	Pelaiah
Tamar #2	Adina
Tamar #2	Jaziz
Tamar #2	Abiasaph
Tamar #2	Isshijah
Tamar #2	Sabtechah
Anah	Chislon
Anah	Abishag
Ruth	Zalmon
Ruth	Mahalath
Leah	Ahab
Queen Vashti	Abiasaph
Queen Vashti	Isshijah
Queen Vashti	Adina
Queen Vashti	Sabtechah
Queen Vashti	Jaziz
Queen Vashti	Shagee
Queen Vashti	Agee
Queen Vashti	Damaris. Acts[41]
Queen Vashti	Pelaiah
Taphath	Irad
Mahlah	Chalcol
Hazelelponi (or Hazzelelponi)	Zalmon
Hazelelponi (or Hazzelelponi)	Mahalath
Ruth	Ismaiah
Ruth	Elienai
Ruth	Chislon
Ruth	Abishag
Bilhah	Hushim
Bilhah	Nobah
Bilhah	Hannah
Bilhah	Salome #2
Queen Vashti	Irad
Michal	Zalmon
Michal	Mahalath
Susanna #1	Chalcol
Susanna #2	Shagee
Susanna #2	Abiasaph
Susanna #2	Isshijah
Susanna #2	Adina
Susanna #2	Agee
Susanna #2	Sabtechah
Susanna #2	Damaris. Acts[41]
Susanna #2	Pelaiah
Susanna #2	Jaziz
Hazelelponi (or Hazzelelponi)	Chislon
Hazelelponi (or Hazzelelponi)	Ismaiah
Hazelelponi (or Hazzelelponi)	Elienai
Hazelelponi (or Hazzelelponi)	Abishag
Julia #2	Hushim
Julia #2	Nobah
Julia #2	Hannah
Julia #2	Salome #2
Ruth	Ahab
Jerusha	Hushim
Jerusha	Nobah
Jerusha	Hannah
Jerusha	Salome #2
Michal	Chislon
Michal	Ismaiah
Michal	Elienai
Michal	Abishag
Susanna #2	Irad
Miriam #1	Zalmon
Miriam #1	Mahalath
Ahlai #1	Shagee
Ahlai #1	Abiasaph
Ahlai #1	Isshijah
Ahlai #1	Adina
Ahlai #1	Agee
Ahlai #1	Sabtechah
Ahlai #1	Damaris. Acts[41]
Ahlai #1	Pelaiah
Ahlai #1	Jaziz
Hazelelponi (or Hazzelelponi)	Ahab
Jedidah	Chalcol
Athaliah	Chalcol
Michal	Ahab
Merab #2	Zalmon
Merab #2	Mahalath
Miriam #1	Chislon
Miriam #1	Ismaiah
Miriam #1	Elienai
Miriam #1	Abishag
Ahlai #1	Irad
Hephziba	Shagee
Hephziba	Abiasaph
Hephziba	Isshijah
Hephziba	Adina
Hephziba	Agee
Hephziba	Sabtechah
Hephziba	Damaris. Acts[41]
Hephziba	Pelaiah
Hephziba	Jaziz
Claudia	Hushim
Claudia	Nobah
Claudia	Hannah
Claudia	Salome #2
Merab #2	Chislon
Merab #2	Ismaiah
Merab #2	Elienai
Merab #2	Abishag
Miriam #1	Ahab
Keziah #2	Hushim
Keziah #2	Nobah
Keziah #2	Hannah
Keziah #2	Salome #2
Miriam #2	Shagee
Miriam #2	Abiasaph
Miriam #2	Isshijah
Miriam #2	Adina
Miriam #2	Agee
Miriam #2	Sabtechah
Miriam #2	Damaris. Acts[41]
Miriam #2	Pelaiah
Miriam #2	Jaziz
Hephziba	Irad
Matred #2	Zalmon
Matred #2	Mahalath
Claudia	Chalcol
Deborah #1	Hushim
Deborah #1	Nobah
Deborah #1	Hannah
Deborah #1	Salome #2
Merab #2	Ahab
Syntyche	Shagee
Syntyche	Abiasaph
Syntyche	Isshijah
Syntyche	Adina
Syntyche	Agee
Syntyche	Sabtechah
Syntyche	Damaris. Acts[41]
Syntyche	Pelaiah
Syntyche	Jaziz
Keziah #2	Chalcol
Miriam #2	Irad
Matred #2	Chislon
Matred #2	Ismaiah
Matred #2	Elienai
Matred #2	Abishag
Claudia #2	Zalmon
Claudia #2	Mahalath
Abital	Shagee
Abital	Abiasaph
Abital	Isshijah
Abital	Adina
Abital	Agee
Abital	Sabtechah
Abital	Damaris. Acts[41]
Abital	Pelaiah
Abital	Jaziz
Matred	Zalmon
Matred	Mahalath
Deborah #1	Chalcol
Syntyche	Irad
Matred #2	Ahab
Claudia #2	Chislon
Claudia #2	Ismaiah
Claudia #2	Elienai
Claudia #2	Abishag
Keren–Happuch	Hushim
Keren–Happuch	Nobah
Keren–Happuch	Hannah
Keren–Happuch	Salome #2
Abital	Irad
Abital	Zalmon
Abital	Mahalath
Matred	Chislon
Matred	Ismaiah
Matred	Elienai
Matred	Abishag
Aholibamah (or Oholibamah)	Hushim
Aholibamah (or Oholibamah)	Nobah
Aholibamah (or Oholibamah)	Hannah
Aholibamah (or Oholibamah)	Salome #2
Jerioth #2	Shagee
Jerioth #2	Abiasaph
Jerioth #2	Isshijah
Jerioth #2	Adina
Jerioth #2	Agee
Jerioth #2	Sabtechah
Jerioth #2	Damaris. Acts[41]
Jerioth #2	Pelaiah
Jerioth #2	Jaziz
Claudia #2	Ahab
Keren–Happuch	Chalcol
Abital	Chislon
Abital	Ismaiah
Abital	Elienai
Abital	Abishag
Matred	Ahab
Aholibamah (or Oholibamah)	Chalcol
Basemeth #2	Hushim
Basemeth #2	Nobah
Basemeth #2	Hannah
Basemeth #2	Salome #2
Jecholiah (or Jecoliah)	Shagee
Jecholiah (or Jecoliah)	Abiasaph
Jecholiah (or Jecoliah)	Isshijah
Jecholiah (or Jecoliah)	Adina
Jecholiah (or Jecoliah)	Agee
Jecholiah (or Jecoliah)	Sabtechah
Jecholiah (or Jecoliah)	Damaris. Acts[41]
Jecholiah (or Jecoliah)	Pelaiah
Jecholiah (or Jecoliah)	Jaziz
Jerioth #2	Zalmon
Jerioth #2	Irad
Jerioth #2	Mahalath
Abital	Ahab
Basemeth #2	Chalcol
Lydia of Thyatira	Shagee
Lydia of Thyatira	Abiasaph
Lydia of Thyatira	Isshijah
Lydia of Thyatira	Adina
Lydia of Thyatira	Agee
Lydia of Thyatira	Sabtechah
Lydia of Thyatira	Damaris. Acts[41]
Lydia of Thyatira	Pelaiah
Lydia of Thyatira	Jaziz
Jecholiah (or Jecoliah)	Hushim
Jecholiah (or Jecoliah)	Nobah
Jecholiah (or Jecoliah)	Hannah
Jecholiah (or Jecoliah)	Salome #2
Jecholiah (or Jecoliah)	Zalmon
Jecholiah (or Jecoliah)	Irad
Jecholiah (or Jecoliah)	Mahalath
Jerioth #2	Chislon
Jerioth #2	Ismaiah
Jerioth #2	Elienai
Jerioth #2	Abishag
Lydia of Thyatira	Zalmon
Lydia of Thyatira	Hushim
Lydia of Thyatira	Nobah
Lydia of Thyatira	Hannah
Lydia of Thyatira	Irad
Lydia of Thyatira	Salome #2
Lydia of Thyatira	Mahalath
Jecholiah (or Jecoliah)	Chalcol
Jecholiah (or Jecoliah)	Chislon
Jecholiah (or Jecoliah)	Ismaiah
Jecholiah (or Jecoliah)	Elienai
Jecholiah (or Jecoliah)	Abishag
Jerioth #2	Ahab
Sheerah	Shagee
Sheerah	Abiasaph
Sheerah	Isshijah
Sheerah	Adina
Sheerah	Agee
Sheerah	Sabtechah
Sheerah	Damaris. Acts[41]
Sheerah	Pelaiah
Sheerah	Jaziz
Jemima #2	Shagee
Jemima #2	Abiasaph
Jemima #2	Isshijah
Jemima #2	Adina
Jemima #2	Agee
Jemima #2	Sabtechah
Jemima #2	Damaris. Acts[41]
Jemima #2	Pelaiah
Jemima #2	Jaziz
Lydia of Thyatira	Chislon
Lydia of Thyatira	Ismaiah
Lydia of Thyatira	Elienai
Lydia of Thyatira	Chalcol
Lydia of Thyatira	Abishag
Jecholiah (or Jecoliah)	Ahab
Sheerah	Zalmon
Sheerah	Hushim
Sheerah	Nobah
Sheerah	Hannah
Sheerah	Irad
Sheerah	Salome #2
Sheerah	Mahalath
Meshullemeth	Shagee
Meshullemeth	Abiasaph
Meshullemeth	Isshijah
Meshullemeth	Adina
Meshullemeth	Agee
Meshullemeth	Sabtechah
Meshullemeth	Damaris. Acts[41]
Meshullemeth	Pelaiah
Meshullemeth	Jaziz
Jemima #2	Zalmon
Jemima #2	Hushim
Jemima #2	Nobah
Jemima #2	Hannah
Jemima #2	Irad
Jemima #2	Salome #2
Jemima #2	Mahalath
Lydia of Thyatira	Ahab
Sheerah	Chislon
Sheerah	Ismaiah
Sheerah	Elienai
Sheerah	Chalcol
Sheerah	Abishag
Noah	Shagee
Noah	Abiasaph
Noah	Isshijah
Noah	Adina
Noah	Agee
Noah	Sabtechah
Noah	Damaris. Acts[41]
Noah	Pelaiah
Noah	Jaziz
Meshullemeth	Zalmon
Meshullemeth	Hushim
Meshullemeth	Nobah
Meshullemeth	Hannah
Meshullemeth	Irad
Meshullemeth	Salome #2
Meshullemeth	Mahalath
Jemima #2	Chislon
Jemima #2	Ismaiah
Jemima #2	Elienai
Jemima #2	Chalcol
Jemima #2	Abishag
Sheerah	Ahab
Noah	Zalmon
Noah	Hushim
Noah	Nobah
Noah	Hannah
Noah	Irad
Noah	Salome #2
Noah	Mahalath
Meshullemeth	Chislon
Meshullemeth	Ismaiah
Meshullemeth	Elienai
Meshullemeth	Chalcol
Meshullemeth	Abishag
Jemima #2	Ahab
Noah	Chislon
Noah	Ismaiah
Noah	Elienai
Noah	Chalcol
Noah	Abishag
Meshullemeth	Ahab
Noah	Ahab
